#-----------------------------------------------------------
# Vivado v2023.1 (64-bit)
# SW Build 3865809 on Sun May  7 15:05:29 MDT 2023
# IP Build 3864474 on Sun May  7 20:36:21 MDT 2023
# SharedData Build 3865790 on Sun May 07 13:33:03 MDT 2023
# Start of session at: Sat Jul  6 11:00:41 2024
# Process ID: 2136
# Current directory: C:/Users/Nivriti/OneDrive/Desktop/University/Semester 4/Advanced logic design/advanced_logic_project.runs/synth_1
# Command line: vivado.exe -log instructions.vds -product Vivado -mode batch -messageDb vivado.pb -notrace -source instructions.tcl
# Log file: C:/Users/Nivriti/OneDrive/Desktop/University/Semester 4/Advanced logic design/advanced_logic_project.runs/synth_1/instructions.vds
# Journal file: C:/Users/Nivriti/OneDrive/Desktop/University/Semester 4/Advanced logic design/advanced_logic_project.runs/synth_1\vivado.jou
# Running On: DESKTOP-6NMN34L, OS: Windows, CPU Frequency: 2096 MHz, CPU Physical cores: 12, Host memory: 7893 MB
#-----------------------------------------------------------
source instructions.tcl -notrace
